Microchip MPLAB XC8 Compiler V2.32

Linker command line:

-W-3 --edf=C:\Program Files\Microchip\xc8\v2.32\pic\dat\en_msgs.txt -cn \
  -h+dist/default/production\VL53L1CXMK1v.1.1.X.production.sym \
  --cmf=dist/default/production\VL53L1CXMK1v.1.1.X.production.cmf -z \
  -Q18F46K20 -oC:\Users\Torben\AppData\Local\Temp\xcAs1tgc.4 \
  --defsym=__MPLAB_BUILD=1 \
  -Mdist/default/production/VL53L1CXMK1v.1.1.X.production.map -E1 \
  -ver=XC8 Compiler --acfsm=1493 -ASTACK=017Ch-0F5Fh -pstack=STACK \
  -ACODE=00h-0FFFFh -ACONST=00h-0FFFFh -ASMALLCONST=01000h-010FFhx240 \
  -AMEDIUMCONST=01000h-0FFFFh -ACOMRAM=01h-05Fh -AABS1=00h-0F5Fh \
  -ABIGRAM=01h-0F5Fh -ARAM=060h-0FFh,0100h-01FFhx14,0F00h-0F5Fh \
  -ABANK0=060h-0FFh -ABANK1=0100h-01FFh -ABANK2=0200h-02FFh \
  -ABANK3=0300h-03FFh -ABANK4=0400h-04FFh -ABANK5=0500h-05FFh \
  -ABANK6=0600h-06FFh -ABANK7=0700h-07FFh -ABANK8=0800h-08FFh \
  -ABANK9=0900h-09FFh -ABANK10=0A00h-0AFFh -ABANK11=0B00h-0BFFh \
  -ABANK12=0C00h-0CFFh -ABANK13=0D00h-0DFFh -ABANK14=0E00h-0EFFh \
  -ABANK15=0F00h-0F5Fh -ASFR=0F60h-0FFFh -ACONFIG=0300000h-030000Dh \
  -AIDLOC=0200000h-0200007h -AEEDATA=0F00000h-0F003FFh -peeprom_data=EEDATA \
  -preset_vec=00h,intcode=08h,intcodelo,powerup,init -pramtop=01000h \
  -psmallconst=SMALLCONST -pmediumconst=MEDIUMCONST -pconst=CONST \
  -AFARRAM=00h-00h \
  -prdata=COMRAM,nvrram=COMRAM,nvbit=COMRAM,rbss=COMRAM,rbit=COMRAM \
  -pfarbss=FARRAM,fardata=FARRAM,nvFARRAM=FARRAM \
  -pintsave_regs=BIGRAM,bigbss=BIGRAM,bigdata=BIGRAM -pbss=RAM \
  -pidata=CODE,irdata=CODE,ibigdata=CODE,ifardata=CODE -prparam=COMRAM \
  C:\Users\Torben\AppData\Local\Temp\xcAs1tgc.o \
  dist/default/production\VL53L1CXMK1v.1.1.X.production.o 

Object code version is 3.11

Machine type is 18F46K20



                Name                               Link     Load   Length Selector   Space Scale
C:\Users\Torben\AppData\Local\Temp\xcAs1tgc.o
                idloc                            200000   200000        8        0       5
                config                           300000   300000        E        0       4
                init                                 B0       B0        4        4       0
                reset_vec                             0        0        4        0       0
dist/default/production\VL53L1CXMK1v.1.1.X.production.o
                intcode                               8        8       A8        4       0
                idloc                            200000   200000        8        0       5
                config                           300000   300000        E        0       4
                temp                                 5B       5B        1        1       1
                smallconst                         1000     1000       6E      800       0
                text102                            E11E     E11E       2A      837       0
                text101                            E33C     E33C        6      837       0
                text100                            E372     E372        2      837       0
                text99                             E336     E336        6      837       0
                text98                             D4FC     D4FC       C0      837       0
                text97                             DE5C     DE5C       42      837       0
                text95                             E2D0     E2D0        A      837       0
                text94                             E2C6     E2C6        A      837       0
                text93                             E2BC     E2BC        A      837       0
                text92                             E2B2     E2B2        A      837       0
                text91                             E2A8     E2A8        A      837       0
                text90                             D9D6     D9D6       76      837       0
                text89                             E22C     E22C       14      837       0
                text88                             E36E     E36E        4      837       0
                text87                             E29E     E29E        A      837       0
                text86                             DFBC     DFBC       30      837       0
                text85                             E202     E202       16      837       0
                text84                             E36A     E36A        4      837       0
                text83                             E366     E366        4      837       0
                text82                             E362     E362        4      837       0
                text81                             E0C8     E0C8       2C      837       0
                text80                             E35E     E35E        4      837       0
                text79                             E35A     E35A        4      837       0
                text78                             E356     E356        4      837       0
                text77                             E16E     E16E       24      837       0
                text76                             D95C     D95C       7A      837       0
                text75                             E1EA     E1EA       18      837       0
                text74                             E09C     E09C       2C      837       0
                text73                             E070     E070       2C      837       0
                text72                             E044     E044       2C      837       0
                text71                             E018     E018       2C      837       0
                text70                             DE9E     DE9E       40      837       0
                text69                             E352     E352        4      837       0
                text68                             E34E     E34E        4      837       0
                text67                             E34A     E34A        4      837       0
                text66                             E330     E330        6      837       0
                text65                             E346     E346        4      837       0
                text64                             E32A     E32A        6      837       0
                text63                             E322     E322        8      837       0
                text62                             E218     E218       14      837       0
                text61                             E342     E342        4      837       0
                text60                             D8E0     D8E0       7C      837       0
                text59                             E288     E288        C      837       0
                text58                             E260     E260       10      837       0
                text57                             E250     E250       10      837       0
                text56                             D438     D438       C4      837       0
                text55                             D716     D716       A6      837       0
                text54                             E27C     E27C        C      837       0
                text53                             E31A     E31A        8      837       0
                text52                             E312     E312        8      837       0
                text51                             E30A     E30A        8      837       0
                text50                             E302     E302        8      837       0
                text49                             E2FA     E2FA        8      837       0
                text48                             E2F2     E2F2        8      837       0
                text47                             E2EA     E2EA        8      837       0
                text46                             E270     E270        C      837       0
                text45                             DABC     DABC       66      837       0
                text44                             DA4C     DA4C       70      837       0
                text43                             E240     E240       10      837       0
                text42                             E1B4     E1B4       1E      837       0
                text41                             DE18     DE18       44      837       0
                text40                             E2E2     E2E2        8      837       0
                text39                             E192     E192       22      837       0
                text38                             D852     D852       8E      837       0
                text37                             DD8E     DD8E       46      837       0
                text36                             E2DA     E2DA        8      837       0
                text35                             E1D2     E1D2       18      837       0
                text34                             DC44     DC44       5A      837       0
                text33                             5DA4     5DA4     4CF6      837       0
                text32                             CA76     CA76      1B4      837       0
                text31                             106E     106E     4D36      837       0
                text30                             E148     E148       26      837       0
                text29                             DF4E     DF4E       38      837       0
                text28                             DCF6     DCF6       52      837       0
                text27                             CC2A     CC2A      19A      837       0
                text26                             D374     D374       C4      837       0
                text25                             D5BC     D5BC       B0      837       0
                text24                             C4CA     C4CA      39A      837       0
                text23                             D66C     D66C       AA      837       0
                text22                             CFD0     CFD0      104      837       0
                text21                             C0A0     C0A0      42A      837       0
                text20                             DF16     DF16       38      837       0
                text19                             B740     B740      4C0      837       0
                text18                             DD48     DD48       46      837       0
                text17                             CECA     CECA      106      837       0
                text16                             D0D4     D0D4       FE      837       0
                text15                             C864     C864      212      837       0
                text14                             DC9E     DC9E       58      837       0
                text13                             E294     E294        A      837       0
                text12                             D7BC     D7BC       96      837       0
                text11                             DDD4     DDD4       44      837       0
                text10                             DF86     DF86       36      837       0
                text9                              D2AE     D2AE       C6      837       0
                text8                              DBE6     DBE6       5E      837       0
                text7                              DEDE     DEDE       38      837       0
                text6                              DB86     DB86       60      837       0
                text5                              AA9A     AA9A      CA6      837       0
                text4                              D1D2     D1D2       DC      837       0
                text3                              BC00     BC00      4A0      837       0
                text2                              DB22     DB22       64      837       0
                text1                              E0F4     E0F4       2A      837       0
                text0                              CDC4     CDC4      106      837       0
                cstackCOMRAM                          1        1       55        1       1
                cstackBANK0                          B5       B5       48       60       1
                cstackBANK1                         178      178        4      100       1
                bssBANK1                            100      100       70      100       1
                bssBANK0                             60       60       55       60       1
                bssCOMRAM                            56       56        5        1       1
                cinit                              DFEC     DFEC       2C      837       0
                nvBANK1                             170      170        8      100       1
                nvBANK0                              FD       FD        3       60       1

TOTAL           Name                               Link     Load   Length     Space
        CLASS   STACK          

        CLASS   CODE           
                intcode                               8        8       A8         0
                init                                 B0       B0        4         0
                reset_vec                             0        0        4         0
                text102                            E11E     E11E       2A         0
                text101                            E33C     E33C        6         0
                text100                            E372     E372        2         0
                text99                             E336     E336        6         0
                text98                             D4FC     D4FC       C0         0
                text97                             DE5C     DE5C       42         0
                text95                             E2D0     E2D0        A         0
                text94                             E2C6     E2C6        A         0
                text93                             E2BC     E2BC        A         0
                text92                             E2B2     E2B2        A         0
                text91                             E2A8     E2A8        A         0
                text90                             D9D6     D9D6       76         0
                text89                             E22C     E22C       14         0
                text88                             E36E     E36E        4         0
                text87                             E29E     E29E        A         0
                text86                             DFBC     DFBC       30         0
                text85                             E202     E202       16         0
                text84                             E36A     E36A        4         0
                text83                             E366     E366        4         0
                text82                             E362     E362        4         0
                text81                             E0C8     E0C8       2C         0
                text80                             E35E     E35E        4         0
                text79                             E35A     E35A        4         0
                text78                             E356     E356        4         0
                text77                             E16E     E16E       24         0
                text76                             D95C     D95C       7A         0
                text75                             E1EA     E1EA       18         0
                text74                             E09C     E09C       2C         0
                text73                             E070     E070       2C         0
                text72                             E044     E044       2C         0
                text71                             E018     E018       2C         0
                text70                             DE9E     DE9E       40         0
                text69                             E352     E352        4         0
                text68                             E34E     E34E        4         0
                text67                             E34A     E34A        4         0
                text66                             E330     E330        6         0
                text65                             E346     E346        4         0
                text64                             E32A     E32A        6         0
                text63                             E322     E322        8         0
                text62                             E218     E218       14         0
                text61                             E342     E342        4         0
                text60                             D8E0     D8E0       7C         0
                text59                             E288     E288        C         0
                text58                             E260     E260       10         0
                text57                             E250     E250       10         0
                text56                             D438     D438       C4         0
                text55                             D716     D716       A6         0
                text54                             E27C     E27C        C         0
                text53                             E31A     E31A        8         0
                text52                             E312     E312        8         0
                text51                             E30A     E30A        8         0
                text50                             E302     E302        8         0
                text49                             E2FA     E2FA        8         0
                text48                             E2F2     E2F2        8         0
                text47                             E2EA     E2EA        8         0
                text46                             E270     E270        C         0
                text45                             DABC     DABC       66         0
                text44                             DA4C     DA4C       70         0
                text43                             E240     E240       10         0
                text42                             E1B4     E1B4       1E         0
                text41                             DE18     DE18       44         0
                text40                             E2E2     E2E2        8         0
                text39                             E192     E192       22         0
                text38                             D852     D852       8E         0
                text37                             DD8E     DD8E       46         0
                text36                             E2DA     E2DA        8         0
                text35                             E1D2     E1D2       18         0
                text34                             DC44     DC44       5A         0
                text33                             5DA4     5DA4     4CF6         0
                text32                             CA76     CA76      1B4         0
                text31                             106E     106E     4D36         0
                text30                             E148     E148       26         0
                text29                             DF4E     DF4E       38         0
                text28                             DCF6     DCF6       52         0
                text27                             CC2A     CC2A      19A         0
                text26                             D374     D374       C4         0
                text25                             D5BC     D5BC       B0         0
                text24                             C4CA     C4CA      39A         0
                text23                             D66C     D66C       AA         0
                text22                             CFD0     CFD0      104         0
                text21                             C0A0     C0A0      42A         0
                text20                             DF16     DF16       38         0
                text19                             B740     B740      4C0         0
                text18                             DD48     DD48       46         0
                text17                             CECA     CECA      106         0
                text16                             D0D4     D0D4       FE         0
                text15                             C864     C864      212         0
                text14                             DC9E     DC9E       58         0
                text13                             E294     E294        A         0
                text12                             D7BC     D7BC       96         0
                text11                             DDD4     DDD4       44         0
                text10                             DF86     DF86       36         0
                text9                              D2AE     D2AE       C6         0
                text8                              DBE6     DBE6       5E         0
                text7                              DEDE     DEDE       38         0
                text6                              DB86     DB86       60         0
                text5                              AA9A     AA9A      CA6         0
                text4                              D1D2     D1D2       DC         0
                text3                              BC00     BC00      4A0         0
                text2                              DB22     DB22       64         0
                text1                              E0F4     E0F4       2A         0
                text0                              CDC4     CDC4      106         0
                cinit                              DFEC     DFEC       2C         0

        CLASS   CONST          

        CLASS   SMALLCONST     
                smallconst                         1000     1000       6E         0

        CLASS   MEDIUMCONST    

        CLASS   COMRAM         
                temp                                 5B       5B        1         1
                cstackCOMRAM                          1        1       55         1
                bssCOMRAM                            56       56        5         1

        CLASS   ABS1           

        CLASS   BIGRAM         

        CLASS   RAM            

        CLASS   BANK0          
                cstackBANK0                          B5       B5       48         1
                bssBANK0                             60       60       55         1
                nvBANK0                              FD       FD        3         1

        CLASS   BANK1          
                cstackBANK1                         178      178        4         1
                bssBANK1                            100      100       70         1
                nvBANK1                             170      170        8         1

        CLASS   BANK2          

        CLASS   BANK3          

        CLASS   BANK4          

        CLASS   BANK5          

        CLASS   BANK6          

        CLASS   BANK7          

        CLASS   BANK8          

        CLASS   BANK9          

        CLASS   BANK10         

        CLASS   BANK11         

        CLASS   BANK12         

        CLASS   BANK13         

        CLASS   BANK14         

        CLASS   BANK15         

        CLASS   SFR            

        CLASS   CONFIG         
                config                           300000   300000        E         4

        CLASS   IDLOC          
                idloc                            200000   200000        8         5

        CLASS   EEDATA         

        CLASS   FARRAM         



SEGMENTS        Name                           Load    Length   Top    Selector   Space  Class

                reset_vec                      000000  000004  000004         0       0  CODE    
                cstackCOMRAM                   000001  00005B  00005C         1       1  COMRAM  
                intcode                        000008  0000AC  0000B4         4       0  CODE    
                bssBANK0                       000060  0000A0  000100        60       1  BANK0   
                bssBANK1                       000100  00007C  00017C       100       1  BANK1   
                smallconst                     001000  00006E  00106E       800       0  SMALLCON
                text31                         00106E  00D306  00E374       837       0  CODE    


UNUSED ADDRESS RANGES

        Name                Unused          Largest block    Delta
        BANK1            00017C-0001FF               84
        BANK10           000A00-000AFF              100
        BANK11           000B00-000BFF              100
        BANK12           000C00-000CFF              100
        BANK13           000D00-000DFF              100
        BANK14           000E00-000EFF              100
        BANK15           000F00-000F5F               60
        BANK2            000200-0002FF              100
        BANK3            000300-0003FF              100
        BANK4            000400-0004FF              100
        BANK5            000500-0005FF              100
        BANK6            000600-0006FF              100
        BANK7            000700-0007FF              100
        BANK8            000800-0008FF              100
        BANK9            000900-0009FF              100
        BIGRAM           00005C-00005F                4
                         00017C-000F5F              DE4
        CODE             000004-000007                4
                         0000B4-000FFF              F4C
                         00E374-00FFFF             1C8C
        COMRAM           00005C-00005F                4
        CONST            000004-000007                4
                         0000B4-000FFF              F4C
                         00E374-00FFFF             1C8C
        EEDATA           F00000-F003FF              400
        MEDIUMCONST      00E374-00FFFF             1C8C
        RAM              00017C-000F5F              100
        SFR              000F60-000FFF               A0
        SMALLCONST       00E374-00FFFF              100
        STACK            00017C-000F5F              DE4

                                  Symbol Table

?_VL53L1CX_Millimeter_GetValue                 cstackCOMRAM 00001B
?___awdiv                                      cstackCOMRAM 000005
?___awmod                                      cstackCOMRAM 000005
?___fladd                                      cstackCOMRAM 000005
?___fldiv                                      cstackCOMRAM 000005
?___flmul                                      cstackCOMRAM 000005
?___flneg                                      cstackCOMRAM 000005
?___flsub                                      cstackCOMRAM 00001E
?___fltol                                      cstackCOMRAM 000005
?___fpclassifyf                                cstackCOMRAM 000005
?___wmul                                       cstackCOMRAM 000005
?___xxtofl                                     cstackCOMRAM 000005
?_atoi                                         cstackCOMRAM 00000C
?_efgtoa                                       cstackCOMRAM 000032
?_floorf                                       cstackCOMRAM 00001E
?_isdigit                                      cstackCOMRAM 000005
?_isspace                                      cstackCOMRAM 000005
?_isupper                                      cstackCOMRAM 000005
?_pad                                          cstackCOMRAM 000017
?_printf                                       cstackBANK0  0000F3
?_strlen                                       cstackCOMRAM 000005
?_strncmp                                      cstackCOMRAM 000005
?_tolower                                      cstackCOMRAM 00000B
?_vfpfcnvrt                                    cstackCOMRAM 00003E
?_vfprintf                                     cstackBANK0  0000ED
EUSART_SetErrorHandler@interruptHandler        cstackCOMRAM 000005
EUSART_SetFramingErrorHandler@interruptHandler cstackCOMRAM 000005
EUSART_SetOverrunErrorHandler@interruptHandler cstackCOMRAM 000005
EUSART_SetRxInterruptHandler@interruptHandler  cstackCOMRAM 000005
EUSART_SetTxInterruptHandler@interruptHandler  cstackCOMRAM 000005
EUSART_Write@txData                            cstackCOMRAM 000005
I2C_CallbackReturnReset@funPtr                 cstackCOMRAM 00000E
I2C_Close@returnValue                          cstackCOMRAM 000005
I2C_MasterOperation@read                       cstackCOMRAM 000014
I2C_MasterOperation@returnValue                cstackCOMRAM 000015
I2C_MasterSendTxData@data                      cstackCOMRAM 000005
I2C_Open@address                               cstackCOMRAM 000005
I2C_Open@returnValue                           cstackCOMRAM 000006
I2C_ReadNBytes@address                         cstackCOMRAM 00001A
I2C_ReadNBytes@data                            cstackCOMRAM 000016
I2C_ReadNBytes@len                             cstackCOMRAM 000018
I2C_SetAddressNackCallback@cb                  cstackCOMRAM 00000A
I2C_SetAddressNackCallback@ptr                 cstackCOMRAM 00000C
I2C_SetBuffer@buffer                           cstackCOMRAM 000005
I2C_SetBuffer@bufferSize                       cstackCOMRAM 000007
I2C_SetCallback@cb                             cstackCOMRAM 000005
I2C_SetCallback@idx                            cstackCOMRAM 000009
I2C_SetCallback@ptr                            cstackCOMRAM 000007
I2C_SetDataCompleteCallback@cb                 cstackCOMRAM 00000A
I2C_SetDataCompleteCallback@ptr                cstackCOMRAM 00000C
I2C_WriteNBytes@address                        cstackCOMRAM 00001A
I2C_WriteNBytes@data                           cstackCOMRAM 000016
I2C_WriteNBytes@len                            cstackCOMRAM 000018
VL53L1CX_Init@buffer                           cstackCOMRAM 00001C
VL53L1CX_Millimeter_GetValue@DistDistanzAnz    cstackCOMRAM 000021
VL53L1CX_Millimeter_GetValue@buffer            cstackCOMRAM 000027
VL53L1CX_Millimeter_GetValue@data16            cstackCOMRAM 000025
_ANSEL                                         (abs)        000F7E
_ANSELH                                        (abs)        000F7F
_BAUDCON                                       (abs)        000FB8
_EUSART_DefaultErrorHandler                    text101      00E33C
_EUSART_DefaultFramingErrorHandler             text100      00E372
_EUSART_DefaultOverrunErrorHandler             text99       00E336
_EUSART_ErrorHandler                           nvBANK1      000170
_EUSART_FramingErrorHandler                    nvBANK1      000174
_EUSART_Initialize                             text90       00D9D6
_EUSART_OverrunErrorHandler                    nvBANK1      000172
_EUSART_Receive_ISR                            text98       00D4FC
_EUSART_RxDataHandler                          text102      00E11E
_EUSART_RxDefaultInterruptHandler              nvBANK1      000176
_EUSART_SetErrorHandler                        text95       00E2D0
_EUSART_SetFramingErrorHandler                 text94       00E2C6
_EUSART_SetOverrunErrorHandler                 text93       00E2BC
_EUSART_SetRxInterruptHandler                  text92       00E2B2
_EUSART_SetTxInterruptHandler                  text91       00E2A8
_EUSART_Transmit_ISR                           text97       00DE5C
_EUSART_TxDefaultInterruptHandler              nvBANK0      0000FD
_EUSART_Write                                  text14       00DC9E
_I2C_CallbackReturnReset                       text68       00E34E
_I2C_CallbackReturnStop                        text69       00E352
_I2C_Close                                     text81       00E0C8
_I2C_DO_ADDRESS_NACK                           text45       00DABC
_I2C_DO_IDLE                                   text59       00E288
_I2C_DO_RCEN                                   text54       00E27C
_I2C_DO_RESET                                  text46       00E270
_I2C_DO_RX                                     text55       00D716
_I2C_DO_RX_ACK                                 text49       00E2FA
_I2C_DO_RX_NACK_RESTART                        text47       00E2EA
_I2C_DO_RX_NACK_STOP                           text48       00E2F2
_I2C_DO_SEND_ADR_READ                          text58       00E260
_I2C_DO_SEND_ADR_WRITE                         text57       00E250
_I2C_DO_SEND_RESTART                           text51       00E30A
_I2C_DO_SEND_RESTART_READ                      text53       00E31A
_I2C_DO_SEND_RESTART_WRITE                     text52       00E312
_I2C_DO_SEND_STOP                              text50       00E302
_I2C_DO_TX                                     text56       00D438
_I2C_DO_TX_EMPTY                               text60       00D8E0
_I2C_Initialize                                text89       00E22C
_I2C_MasterClearIrq                            text84       00E36A
_I2C_MasterClose                               text83       00E366
_I2C_MasterDisableIrq                          text82       00E362
_I2C_MasterEnableRestart                       text79       00E35A
_I2C_MasterFsm                                 text44       00DA4C
_I2C_MasterGetRxData                           text65       00E346
_I2C_MasterIsNack                              text62       00E218
_I2C_MasterOpen                                text39       00E192
_I2C_MasterOperation                           text41       00DE18
_I2C_MasterRead                                text40       00E2E2
_I2C_MasterSendAck                             text64       00E32A
_I2C_MasterSendNack                            text66       00E330
_I2C_MasterSendTxData                          text63       00E322
_I2C_MasterSetIrq                              text61       00E342
_I2C_MasterStart                               text80       00E35E
_I2C_MasterStartRx                             text67       00E34A
_I2C_MasterStop                                text78       00E356
_I2C_MasterWaitForEvent                        text43       00E240
_I2C_MasterWrite                               text36       00E2DA
_I2C_Open                                      text38       00D852
_I2C_Poller                                    text42       00E1B4
_I2C_ReadNBytes                                text37       00DD8E
_I2C_SetAddressNackCallback                    text35       00E1D2
_I2C_SetBuffer                                 text77       00E16E
_I2C_SetCallback                               text76       00D95C
_I2C_SetDataCompleteCallback                   text75       00E1EA
_I2C_Status                                    bssBANK0     000060
_I2C_WriteNBytes                               text34       00DC44
_INTCON2bits                                   (abs)        000FF1
_INTCONbits                                    (abs)        000FF2
_INTERRUPT_Initialize                          text88       00E36E
_INTERRUPT_InterruptManager                    intcode      000008
_LATA                                          (abs)        000F89
_LATB                                          (abs)        000F8A
_LATC                                          (abs)        000F8B
_LATD                                          (abs)        000F8C
_LATE                                          (abs)        000F8D
_OSCCON                                        (abs)        000FD3
_OSCILLATOR_Initialize                         text87       00E29E
_OSCTUNE                                       (abs)        000F9B
_PIE1bits                                      (abs)        000F9D
_PIN_MANAGER_Initialize                        text86       00DFBC
_PIR1bits                                      (abs)        000F9E
_PIR2bits                                      (abs)        000FA1
_RCONbits                                      (abs)        000FD0
_RCREG                                         (abs)        000FAE
_RCSTA                                         (abs)        000FAB
_RCSTAbits                                     (abs)        000FAB
_SPBRG                                         (abs)        000FAF
_SPBRGH                                        (abs)        000FB0
_SSPADD                                        (abs)        000FC8
_SSPBUF                                        (abs)        000FC9
_SSPCON1                                       (abs)        000FC6
_SSPCON1bits                                   (abs)        000FC6
_SSPCON2                                       (abs)        000FC5
_SSPCON2bits                                   (abs)        000FC5
_SSPSTAT                                       (abs)        000FC7
_SSPSTATbits                                   (abs)        000FC7
_SYSTEM_Initialize                             text85       00E202
_TRISA                                         (abs)        000F92
_TRISB                                         (abs)        000F93
_TRISC                                         (abs)        000F94
_TRISD                                         (abs)        000F95
_TRISE                                         (abs)        000F96
_TXREG                                         (abs)        000FAD
_TXSTA                                         (abs)        000FAC
_TXSTAbits                                     (abs)        000FAC
_VL53L1CX_Init                                 text33       005DA4
_VL53L1CX_Millimeter_GetValue                  text31       00106E
_WPUB                                          (abs)        000F7C
__HRAM                                         (abs)        000000
__Habs1                                        abs1         000000
__Hbank0                                       bank0        000000
__Hbank1                                       bank1        000000
__Hbank10                                      bank10       000000
__Hbank11                                      bank11       000000
__Hbank12                                      bank12       000000
__Hbank13                                      bank13       000000
__Hbank14                                      bank14       000000
__Hbank15                                      bank15       000000
__Hbank2                                       bank2        000000
__Hbank3                                       bank3        000000
__Hbank4                                       bank4        000000
__Hbank5                                       bank5        000000
__Hbank6                                       bank6        000000
__Hbank7                                       bank7        000000
__Hbank8                                       bank8        000000
__Hbank9                                       bank9        000000
__Hbigbss                                      bigbss       000000
__Hbigdata                                     bigdata      000000
__Hbigram                                      bigram       000000
__Hbss                                         bss          000000
__HbssBANK0                                    bssBANK0     000000
__HbssBANK1                                    bssBANK1     000000
__HbssCOMRAM                                   bssCOMRAM    000000
__Hcinit                                       cinit        000000
__Hclrtext                                     clrtext      000000
__Hcomram                                      comram       000000
__Hconfig                                      config       30000E
__Hconst                                       const        000000
__HcstackBANK0                                 cstackBANK0  000000
__HcstackBANK1                                 cstackBANK1  000000
__HcstackCOMRAM                                cstackCOMRAM 000000
__Hdata                                        data         000000
__Heeprom_data                                 eeprom_data  000000
__Hfarbss                                      farbss       000000
__Hfardata                                     fardata      000000
__Hibigdata                                    ibigdata     000000
__Hidata                                       idata        000000
__Hidloc                                       idloc        200008
__Hifardata                                    ifardata     000000
__Hinit                                        init         0000B4
__Hintcode                                     intcode      0000B0
__Hintcode_body                                intcode_body 000000
__Hintcodelo                                   intcodelo    0000B0
__Hintentry                                    intentry     000000
__Hintret                                      intret       000000
__Hintsave_regs                                intsave_regs 000000
__Hirdata                                      irdata       000000
__Hmediumconst                                 mediumconst  000000
__HnvBANK0                                     nvBANK0      000000
__HnvBANK1                                     nvBANK1      000000
__HnvFARRAM                                    nvFARRAM     000000
__Hnvbit                                       nvbit        000000
__Hnvrram                                      nvrram       000000
__Hparam                                       rparam       000000
__Hpowerup                                     powerup      0000B0
__Hram                                         ram          000000
__Hramtop                                      ramtop       001000
__Hrbit                                        rbit         000000
__Hrbss                                        rbss         000000
__Hrdata                                       rdata        000000
__Hreset_vec                                   reset_vec    000004
__Hrparam                                      rparam       000000
__Hsfr                                         sfr          000000
__Hsmallconst                                  smallconst   00106E
__Hspace_0                                     (abs)        00E374
__Hspace_1                                     (abs)        00017C
__Hspace_2                                     (abs)        000000
__Hspace_4                                     (abs)        60000E
__Hstack                                       stack        000000
__Hstruct                                      struct       000000
__Htemp                                        temp         00005C
__Htext                                        text         000000
__Htext0                                       text0        000000
__Htext1                                       text1        000000
__Htext10                                      text10       000000
__Htext100                                     text100      000000
__Htext101                                     text101      000000
__Htext102                                     text102      000000
__Htext103                                     text103      000000
__Htext11                                      text11       000000
__Htext12                                      text12       000000
__Htext13                                      text13       000000
__Htext14                                      text14       000000
__Htext15                                      text15       000000
__Htext16                                      text16       000000
__Htext17                                      text17       000000
__Htext18                                      text18       000000
__Htext19                                      text19       000000
__Htext2                                       text2        000000
__Htext20                                      text20       000000
__Htext21                                      text21       000000
__Htext22                                      text22       000000
__Htext23                                      text23       000000
__Htext24                                      text24       000000
__Htext25                                      text25       000000
__Htext26                                      text26       000000
__Htext27                                      text27       000000
__Htext28                                      text28       000000
__Htext29                                      text29       000000
__Htext3                                       text3        000000
__Htext30                                      text30       000000
__Htext31                                      text31       000000
__Htext32                                      text32       000000
__Htext33                                      text33       000000
__Htext34                                      text34       000000
__Htext35                                      text35       000000
__Htext36                                      text36       000000
__Htext37                                      text37       000000
__Htext38                                      text38       000000
__Htext39                                      text39       000000
__Htext4                                       text4        000000
__Htext40                                      text40       000000
__Htext41                                      text41       000000
__Htext42                                      text42       000000
__Htext43                                      text43       000000
__Htext44                                      text44       000000
__Htext45                                      text45       000000
__Htext46                                      text46       000000
__Htext47                                      text47       000000
__Htext48                                      text48       000000
__Htext49                                      text49       000000
__Htext5                                       text5        000000
__Htext50                                      text50       000000
__Htext51                                      text51       000000
__Htext52                                      text52       000000
__Htext53                                      text53       000000
__Htext54                                      text54       000000
__Htext55                                      text55       000000
__Htext56                                      text56       000000
__Htext57                                      text57       000000
__Htext58                                      text58       000000
__Htext59                                      text59       000000
__Htext6                                       text6        000000
__Htext60                                      text60       000000
__Htext61                                      text61       000000
__Htext62                                      text62       000000
__Htext63                                      text63       000000
__Htext64                                      text64       000000
__Htext65                                      text65       000000
__Htext66                                      text66       000000
__Htext67                                      text67       000000
__Htext68                                      text68       000000
__Htext69                                      text69       000000
__Htext7                                       text7        000000
__Htext70                                      text70       000000
__Htext71                                      text71       000000
__Htext72                                      text72       000000
__Htext73                                      text73       000000
__Htext74                                      text74       000000
__Htext75                                      text75       000000
__Htext76                                      text76       000000
__Htext77                                      text77       000000
__Htext78                                      text78       000000
__Htext79                                      text79       000000
__Htext8                                       text8        000000
__Htext80                                      text80       000000
__Htext81                                      text81       000000
__Htext82                                      text82       000000
__Htext83                                      text83       000000
__Htext84                                      text84       000000
__Htext85                                      text85       000000
__Htext86                                      text86       000000
__Htext87                                      text87       000000
__Htext88                                      text88       000000
__Htext89                                      text89       000000
__Htext9                                       text9        000000
__Htext90                                      text90       000000
__Htext91                                      text91       000000
__Htext92                                      text92       000000
__Htext93                                      text93       000000
__Htext94                                      text94       000000
__Htext95                                      text95       000000
__Htext97                                      text97       000000
__Htext98                                      text98       000000
__Htext99                                      text99       000000
__LRAM                                         (abs)        000001
__Labs1                                        abs1         000000
__Lbank0                                       bank0        000000
__Lbank1                                       bank1        000000
__Lbank10                                      bank10       000000
__Lbank11                                      bank11       000000
__Lbank12                                      bank12       000000
__Lbank13                                      bank13       000000
__Lbank14                                      bank14       000000
__Lbank15                                      bank15       000000
__Lbank2                                       bank2        000000
__Lbank3                                       bank3        000000
__Lbank4                                       bank4        000000
__Lbank5                                       bank5        000000
__Lbank6                                       bank6        000000
__Lbank7                                       bank7        000000
__Lbank8                                       bank8        000000
__Lbank9                                       bank9        000000
__Lbigbss                                      bigbss       000000
__Lbigdata                                     bigdata      000000
__Lbigram                                      bigram       000000
__Lbss                                         bss          000000
__LbssBANK0                                    bssBANK0     000000
__LbssBANK1                                    bssBANK1     000000
__LbssCOMRAM                                   bssCOMRAM    000000
__Lcinit                                       cinit        000000
__Lclrtext                                     clrtext      000000
__Lcomram                                      comram       000000
__Lconfig                                      config       000000
__Lconst                                       const        000000
__LcstackBANK0                                 cstackBANK0  000000
__LcstackBANK1                                 cstackBANK1  000000
__LcstackCOMRAM                                cstackCOMRAM 000000
__Ldata                                        data         000000
__Leeprom_data                                 eeprom_data  000000
__Lfarbss                                      farbss       000000
__Lfardata                                     fardata      000000
__Libigdata                                    ibigdata     000000
__Lidata                                       idata        000000
__Lidloc                                       idloc        000000
__Lifardata                                    ifardata     000000
__Linit                                        init         0000B0
__Lintcode                                     intcode      000008
__Lintcode_body                                intcode_body 000000
__Lintcodelo                                   intcodelo    0000B0
__Lintentry                                    intentry     000000
__Lintret                                      intret       000000
__Lintsave_regs                                intsave_regs 000000
__Lirdata                                      irdata       000000
__Lmediumconst                                 mediumconst  000000
__LnvBANK0                                     nvBANK0      000000
__LnvBANK1                                     nvBANK1      000000
__LnvFARRAM                                    nvFARRAM     000000
__Lnvbit                                       nvbit        000000
__Lnvrram                                      nvrram       000000
__Lparam                                       rparam       000000
__Lpowerup                                     powerup      0000B0
__Lram                                         ram          000000
__Lramtop                                      ramtop       001000
__Lrbit                                        rbit         000000
__Lrbss                                        rbss         000000
__Lrdata                                       rdata        000000
__Lreset_vec                                   reset_vec    000000
__Lrparam                                      rparam       000000
__Lsfr                                         sfr          000000
__Lsmallconst                                  smallconst   001000
__Lspace_0                                     (abs)        000000
__Lspace_1                                     (abs)        000000
__Lspace_2                                     (abs)        000000
__Lspace_4                                     (abs)        000000
__Lstack                                       stack        000000
__Lstruct                                      struct       000000
__Ltemp                                        temp         00005B
__Ltext                                        text         000000
__Ltext0                                       text0        000000
__Ltext1                                       text1        000000
__Ltext10                                      text10       000000
__Ltext100                                     text100      000000
__Ltext101                                     text101      000000
__Ltext102                                     text102      000000
__Ltext103                                     text103      000000
__Ltext11                                      text11       000000
__Ltext12                                      text12       000000
__Ltext13                                      text13       000000
__Ltext14                                      text14       000000
__Ltext15                                      text15       000000
__Ltext16                                      text16       000000
__Ltext17                                      text17       000000
__Ltext18                                      text18       000000
__Ltext19                                      text19       000000
__Ltext2                                       text2        000000
__Ltext20                                      text20       000000
__Ltext21                                      text21       000000
__Ltext22                                      text22       000000
__Ltext23                                      text23       000000
__Ltext24                                      text24       000000
__Ltext25                                      text25       000000
__Ltext26                                      text26       000000
__Ltext27                                      text27       000000
__Ltext28                                      text28       000000
__Ltext29                                      text29       000000
__Ltext3                                       text3        000000
__Ltext30                                      text30       000000
__Ltext31                                      text31       000000
__Ltext32                                      text32       000000
__Ltext33                                      text33       000000
__Ltext34                                      text34       000000
__Ltext35                                      text35       000000
__Ltext36                                      text36       000000
__Ltext37                                      text37       000000
__Ltext38                                      text38       000000
__Ltext39                                      text39       000000
__Ltext4                                       text4        000000
__Ltext40                                      text40       000000
__Ltext41                                      text41       000000
__Ltext42                                      text42       000000
__Ltext43                                      text43       000000
__Ltext44                                      text44       000000
__Ltext45                                      text45       000000
__Ltext46                                      text46       000000
__Ltext47                                      text47       000000
__Ltext48                                      text48       000000
__Ltext49                                      text49       000000
__Ltext5                                       text5        000000
__Ltext50                                      text50       000000
__Ltext51                                      text51       000000
__Ltext52                                      text52       000000
__Ltext53                                      text53       000000
__Ltext54                                      text54       000000
__Ltext55                                      text55       000000
__Ltext56                                      text56       000000
__Ltext57                                      text57       000000
__Ltext58                                      text58       000000
__Ltext59                                      text59       000000
__Ltext6                                       text6        000000
__Ltext60                                      text60       000000
__Ltext61                                      text61       000000
__Ltext62                                      text62       000000
__Ltext63                                      text63       000000
__Ltext64                                      text64       000000
__Ltext65                                      text65       000000
__Ltext66                                      text66       000000
__Ltext67                                      text67       000000
__Ltext68                                      text68       000000
__Ltext69                                      text69       000000
__Ltext7                                       text7        000000
__Ltext70                                      text70       000000
__Ltext71                                      text71       000000
__Ltext72                                      text72       000000
__Ltext73                                      text73       000000
__Ltext74                                      text74       000000
__Ltext75                                      text75       000000
__Ltext76                                      text76       000000
__Ltext77                                      text77       000000
__Ltext78                                      text78       000000
__Ltext79                                      text79       000000
__Ltext8                                       text8        000000
__Ltext80                                      text80       000000
__Ltext81                                      text81       000000
__Ltext82                                      text82       000000
__Ltext83                                      text83       000000
__Ltext84                                      text84       000000
__Ltext85                                      text85       000000
__Ltext86                                      text86       000000
__Ltext87                                      text87       000000
__Ltext88                                      text88       000000
__Ltext89                                      text89       000000
__Ltext9                                       text9        000000
__Ltext90                                      text90       000000
__Ltext91                                      text91       000000
__Ltext92                                      text92       000000
__Ltext93                                      text93       000000
__Ltext94                                      text94       000000
__Ltext95                                      text95       000000
__Ltext97                                      text97       000000
__Ltext98                                      text98       000000
__Ltext99                                      text99       000000
__S0                                           (abs)        00E374
__S1                                           (abs)        00017C
__S2                                           (abs)        000000
__S4                                           (abs)        000000
__S5                                           (abs)        000000
___awdiv                                       text26       00D374
___awdiv@counter                               cstackCOMRAM 000009
___awdiv@dividend                              cstackCOMRAM 000005
___awdiv@divisor                               cstackCOMRAM 000007
___awdiv@quotient                              cstackCOMRAM 00000B
___awdiv@sign                                  cstackCOMRAM 00000A
___awmod                                       text25       00D5BC
___awmod@counter                               cstackCOMRAM 000009
___awmod@dividend                              cstackCOMRAM 000005
___awmod@divisor                               cstackCOMRAM 000007
___awmod@sign                                  cstackCOMRAM 00000A
___fladd                                       text19       00B740
___fladd@a                                     cstackCOMRAM 000009
___fladd@aexp                                  cstackCOMRAM 000012
___fladd@b                                     cstackCOMRAM 000005
___fladd@bexp                                  cstackCOMRAM 000013
___fladd@grs                                   cstackCOMRAM 000014
___fladd@signs                                 cstackCOMRAM 000011
___fldiv                                       text24       00C4CA
___fldiv@a                                     cstackCOMRAM 000009
___fldiv@aexp                                  cstackCOMRAM 00001D
___fldiv@b                                     cstackCOMRAM 000005
___fldiv@bexp                                  cstackCOMRAM 00001C
___fldiv@grs                                   cstackCOMRAM 000018
___fldiv@new_exp                               cstackCOMRAM 000016
___fldiv@rem                                   cstackCOMRAM 000011
___fldiv@sign                                  cstackCOMRAM 000015
___fleq                                        text23       00D66C
___fleq@ff1                                    cstackCOMRAM 000005
___fleq@ff2                                    cstackCOMRAM 000009
___flge                                        text22       00CFD0
___flge@ff1                                    cstackCOMRAM 00001E
___flge@ff2                                    cstackCOMRAM 000022
___flmul                                       text21       00C0A0
___flmul@a                                     cstackCOMRAM 000009
___flmul@aexp                                  cstackCOMRAM 000012
___flmul@b                                     cstackCOMRAM 000005
___flmul@bexp                                  cstackCOMRAM 000017
___flmul@grs                                   cstackCOMRAM 000013
___flmul@prod                                  cstackCOMRAM 000018
___flmul@sign                                  cstackCOMRAM 000011
___flmul@temp                                  cstackCOMRAM 00001C
___flneg                                       text20       00DF16
___flneg@f1                                    cstackCOMRAM 000005
___flsub                                       text18       00DD48
___flsub@a                                     cstackCOMRAM 000022
___flsub@b                                     cstackCOMRAM 00001E
___fltol                                       text17       00CECA
___fltol@exp1                                  cstackCOMRAM 00000E
___fltol@f1                                    cstackCOMRAM 000005
___fltol@sign1                                 cstackCOMRAM 00000D
___fpclassifyf                                 text16       00D0D4
___fpclassifyf@F465                            bssBANK0     0000A0
___fpclassifyf@e                               cstackCOMRAM 00000D
___fpclassifyf@u                               cstackCOMRAM 00000F
___fpclassifyf@x                               cstackCOMRAM 000005
___inthi_sp                                    stack        000000
___intlo_sp                                    stack        000000
___param_bank                                  (abs)        000000
___rparam_used                                 (abs)        000001
___sp                                          stack        000000
___wmul                                        text30       00E148
___wmul@multiplicand                           cstackCOMRAM 000007
___wmul@multiplier                             cstackCOMRAM 000005
___wmul@product                                cstackCOMRAM 000009
___xxtofl                                      text32       00CA76
___xxtofl@arg                                  cstackCOMRAM 00000F
___xxtofl@exp                                  cstackCOMRAM 00000E
___xxtofl@sign                                 cstackCOMRAM 00000D
___xxtofl@val                                  cstackCOMRAM 000005
__accesstop                                    (abs)        000060
__activetblptr                                 (abs)        000003
__end_of_EUSART_DefaultErrorHandler            text101      00E342
__end_of_EUSART_DefaultFramingErrorHandler     text100      00E374
__end_of_EUSART_DefaultOverrunErrorHandler     text99       00E33C
__end_of_EUSART_Initialize                     text90       00DA4C
__end_of_EUSART_Receive_ISR                    text98       00D5BC
__end_of_EUSART_RxDataHandler                  text102      00E148
__end_of_EUSART_SetErrorHandler                text95       00E2DA
__end_of_EUSART_SetFramingErrorHandler         text94       00E2D0
__end_of_EUSART_SetOverrunErrorHandler         text93       00E2C6
__end_of_EUSART_SetRxInterruptHandler          text92       00E2BC
__end_of_EUSART_SetTxInterruptHandler          text91       00E2B2
__end_of_EUSART_Transmit_ISR                   text97       00DE9E
__end_of_EUSART_Write                          text14       00DCF6
__end_of_I2C_CallbackReturnReset               text68       00E352
__end_of_I2C_CallbackReturnStop                text69       00E356
__end_of_I2C_Close                             text81       00E0F4
__end_of_I2C_DO_ADDRESS_NACK                   text45       00DB22
__end_of_I2C_DO_IDLE                           text59       00E294
__end_of_I2C_DO_RCEN                           text54       00E288
__end_of_I2C_DO_RESET                          text46       00E27C
__end_of_I2C_DO_RX                             text55       00D7BC
__end_of_I2C_DO_RX_ACK                         text49       00E302
__end_of_I2C_DO_RX_NACK_RESTART                text47       00E2F2
__end_of_I2C_DO_RX_NACK_STOP                   text48       00E2FA
__end_of_I2C_DO_SEND_ADR_READ                  text58       00E270
__end_of_I2C_DO_SEND_ADR_WRITE                 text57       00E260
__end_of_I2C_DO_SEND_RESTART                   text51       00E312
__end_of_I2C_DO_SEND_RESTART_READ              text53       00E322
__end_of_I2C_DO_SEND_RESTART_WRITE             text52       00E31A
__end_of_I2C_DO_SEND_STOP                      text50       00E30A
__end_of_I2C_DO_TX                             text56       00D4FC
__end_of_I2C_DO_TX_EMPTY                       text60       00D95C
__end_of_I2C_Initialize                        text89       00E240
__end_of_I2C_MasterClearIrq                    text84       00E36E
__end_of_I2C_MasterClose                       text83       00E36A
__end_of_I2C_MasterDisableIrq                  text82       00E366
__end_of_I2C_MasterEnableRestart               text79       00E35E
__end_of_I2C_MasterFsm                         text44       00DABC
__end_of_I2C_MasterGetRxData                   text65       00E34A
__end_of_I2C_MasterIsNack                      text62       00E22C
__end_of_I2C_MasterOpen                        text39       00E1B4
__end_of_I2C_MasterOperation                   text41       00DE5C
__end_of_I2C_MasterRead                        text40       00E2EA
__end_of_I2C_MasterSendAck                     text64       00E330
__end_of_I2C_MasterSendNack                    text66       00E336
__end_of_I2C_MasterSendTxData                  text63       00E32A
__end_of_I2C_MasterSetIrq                      text61       00E346
__end_of_I2C_MasterStart                       text80       00E362
__end_of_I2C_MasterStartRx                     text67       00E34E
__end_of_I2C_MasterStop                        text78       00E35A
__end_of_I2C_MasterWaitForEvent                text43       00E250
__end_of_I2C_MasterWrite                       text36       00E2E2
__end_of_I2C_Open                              text38       00D8E0
__end_of_I2C_Poller                            text42       00E1D2
__end_of_I2C_ReadNBytes                        text37       00DDD4
__end_of_I2C_SetAddressNackCallback            text35       00E1EA
__end_of_I2C_SetBuffer                         text77       00E192
__end_of_I2C_SetCallback                       text76       00D9D6
__end_of_I2C_SetDataCompleteCallback           text75       00E202
__end_of_I2C_WriteNBytes                       text34       00DC9E
__end_of_INTERRUPT_Initialize                  text88       00E372
__end_of_INTERRUPT_InterruptManager            intcode      0000B0
__end_of_OSCILLATOR_Initialize                 text87       00E2A8
__end_of_PIN_MANAGER_Initialize                text86       00DFEC
__end_of_SYSTEM_Initialize                     text85       00E218
__end_of_VL53L1CX_Init                         text33       00AA9A
__end_of_VL53L1CX_Millimeter_GetValue          text31       005DA4
__end_of___awdiv                               text26       00D438
__end_of___awmod                               text25       00D66C
__end_of___fladd                               text19       00BC00
__end_of___fldiv                               text24       00C864
__end_of___fleq                                text23       00D716
__end_of___flge                                text22       00D0D4
__end_of___flmul                               text21       00C4CA
__end_of___flneg                               text20       00DF4E
__end_of___flsub                               text18       00DD8E
__end_of___fltol                               text17       00CFD0
__end_of___fpclassifyf                         text16       00D1D2
__end_of___wmul                                text30       00E16E
__end_of___xxtofl                              text32       00CC2A
__end_of__initialization                       cinit        00E00E
__end_of_atoi                                  text27       00CDC4
__end_of_efgtoa                                text5        00B740
__end_of_floorf                                text15       00CA76
__end_of_fputc                                 text12       00D852
__end_of_fputs                                 text11       00DE18
__end_of_fsmStateTable                         smallconst   001021
__end_of_isdigit                               text29       00DF86
__end_of_isspace                               text28       00DD48
__end_of_isupper                               text7        00DF16
__end_of_main                                  text0        00CECA
__end_of_pad                                   text9        00D374
__end_of_printf                                text1        00E11E
__end_of_putch                                 text13       00E29E
__end_of_rd1RegCompleteHandler                 text73       00E09C
__end_of_rd2RegCompleteHandler                 text72       00E070
__end_of_rdBlkRegCompleteHandler               text70       00DEDE
__end_of_strcpy                                text8        00DC44
__end_of_strlen                                text10       00DFBC
__end_of_strncmp                               text4        00D2AE
__end_of_tolower                               text6        00DBE6
__end_of_vfpfcnvrt                             text3        00C0A0
__end_of_vfprintf                              text2        00DB86
__end_of_wr1RegCompleteHandler                 text71       00E044
__end_of_wr2RegCompleteHandler                 text74       00E0C8
__initialization                               cinit        00DFEC
__mediumconst                                  mediumconst  000000
__pbssBANK0                                    bssBANK0     000060
__pbssBANK1                                    bssBANK1     000100
__pbssCOMRAM                                   bssCOMRAM    000056
__pcinit                                       cinit        00DFEC
__pcstackBANK0                                 cstackBANK0  0000B5
__pcstackBANK1                                 cstackBANK1  000178
__pcstackCOMRAM                                cstackCOMRAM 000001
__pintcode                                     intcode      000008
__pnvBANK0                                     nvBANK0      0000FD
__pnvBANK1                                     nvBANK1      000170
__psmallconst                                  smallconst   001000
__ptext0                                       text0        00CDC4
__ptext1                                       text1        00E0F4
__ptext10                                      text10       00DF86
__ptext100                                     text100      00E372
__ptext101                                     text101      00E33C
__ptext102                                     text102      00E11E
__ptext103                                     text103      000000
__ptext11                                      text11       00DDD4
__ptext12                                      text12       00D7BC
__ptext13                                      text13       00E294
__ptext14                                      text14       00DC9E
__ptext15                                      text15       00C864
__ptext16                                      text16       00D0D4
__ptext17                                      text17       00CECA
__ptext18                                      text18       00DD48
__ptext19                                      text19       00B740
__ptext2                                       text2        00DB22
__ptext20                                      text20       00DF16
__ptext21                                      text21       00C0A0
__ptext22                                      text22       00CFD0
__ptext23                                      text23       00D66C
__ptext24                                      text24       00C4CA
__ptext25                                      text25       00D5BC
__ptext26                                      text26       00D374
__ptext27                                      text27       00CC2A
__ptext28                                      text28       00DCF6
__ptext29                                      text29       00DF4E
__ptext3                                       text3        00BC00
__ptext30                                      text30       00E148
__ptext31                                      text31       00106E
__ptext32                                      text32       00CA76
__ptext33                                      text33       005DA4
__ptext34                                      text34       00DC44
__ptext35                                      text35       00E1D2
__ptext36                                      text36       00E2DA
__ptext37                                      text37       00DD8E
__ptext38                                      text38       00D852
__ptext39                                      text39       00E192
__ptext4                                       text4        00D1D2
__ptext40                                      text40       00E2E2
__ptext41                                      text41       00DE18
__ptext42                                      text42       00E1B4
__ptext43                                      text43       00E240
__ptext44                                      text44       00DA4C
__ptext45                                      text45       00DABC
__ptext46                                      text46       00E270
__ptext47                                      text47       00E2EA
__ptext48                                      text48       00E2F2
__ptext49                                      text49       00E2FA
__ptext5                                       text5        00AA9A
__ptext50                                      text50       00E302
__ptext51                                      text51       00E30A
__ptext52                                      text52       00E312
__ptext53                                      text53       00E31A
__ptext54                                      text54       00E27C
__ptext55                                      text55       00D716
__ptext56                                      text56       00D438
__ptext57                                      text57       00E250
__ptext58                                      text58       00E260
__ptext59                                      text59       00E288
__ptext6                                       text6        00DB86
__ptext60                                      text60       00D8E0
__ptext61                                      text61       00E342
__ptext62                                      text62       00E218
[...]
_efgtoa$2097                                   cstackBANK0  0000B5
_efgtoa$2098                                   cstackBANK0  0000B7
_efgtoa$2103                                   cstackBANK0  0000B9
_efgtoa$2107                                   cstackBANK0  0000BB
_efgtoa$2108                                   cstackBANK0  0000BD
_efgtoa$2109                                   cstackBANK0  0000BF
_eusartRxBuffer                                bssBANK0     00008C
_eusartRxCount                                 bssCOMRAM    000056
_eusartRxHead                                  bssCOMRAM    000058
_eusartRxLastError                             bssBANK0     0000B4
_eusartRxStatusBuffer                          bssBANK0     000084
_eusartRxTail                                  bssCOMRAM    000057
_eusartTxBuffer                                bssBANK0     000094
_eusartTxBufferRemaining                       nvBANK0      0000FF
_eusartTxHead                                  bssCOMRAM    00005A
_eusartTxTail                                  bssCOMRAM    000059
_flags                                         bssBANK0     0000B2
_floorf                                        text15       00C864
_fputc                                         text12       00D7BC
_fputs                                         text11       00DDD4
_fsmStateTable                                 smallconst   001001
_isdigit                                       text29       00DF4E
_isspace                                       text28       00DCF6
_isspace$2192                                  cstackCOMRAM 00000B
_isupper                                       text7        00DEDE
_main                                          text0        00CDC4
_nout                                          bssBANK0     0000AC
_pad                                           text9        00D2AE
_prec                                          bssBANK0     0000B0
_printf                                        text1        00E0F4
_putch                                         text13       00E294
_range_cm                                      bssBANK0     0000A4
_range_mm                                      bssBANK0     0000A8
_rd1RegCompleteHandler                         text73       00E070
_rd2RegCompleteHandler                         text72       00E044
_rdBlkRegCompleteHandler                       text70       00DE9E
_readBuffer                                    bssBANK1     000160
_strcpy                                        text8        00DBE6
_strlen                                        text10       00DF86
_strncmp                                       text4        00D1D2
_tolower                                       text6        00DB86
_tolower$2250                                  cstackCOMRAM 000011
_vfpfcnvrt                                     text3        00BC00
_vfpfcnvrt$2123                                cstackCOMRAM 000048
_vfpfcnvrt$2127                                cstackCOMRAM 00004A
_vfprintf                                      text2        00DB22
_width                                         bssBANK0     0000AE
_wr1RegCompleteHandler                         text71       00E018
_wr2RegCompleteHandler                         text74       00E09C
_writeBuffer                                   bssBANK1     000100
atoi@n                                         cstackCOMRAM 000019
atoi@neg                                       cstackCOMRAM 000012
atoi@s                                         cstackCOMRAM 00000C
btemp                                          temp         00005B
efgtoa@c                                       cstackCOMRAM 000038
efgtoa@d                                       cstackBANK0  0000CD
efgtoa@e                                       cstackBANK0  0000E5
efgtoa@f                                       cstackCOMRAM 000034
efgtoa@fp                                      cstackCOMRAM 000032
efgtoa@g                                       cstackBANK0  0000E1
efgtoa@h                                       cstackBANK0  0000D7
efgtoa@i                                       cstackBANK0  0000DF
efgtoa@l                                       cstackBANK0  0000DB
efgtoa@m                                       cstackBANK0  0000C7
efgtoa@mode                                    cstackBANK0  0000D6
efgtoa@n                                       cstackBANK0  0000E7
efgtoa@ne                                      cstackBANK0  0000C5
efgtoa@nmode                                   cstackBANK0  0000D5
efgtoa@ou                                      cstackBANK0  0000C9
efgtoa@p                                       cstackBANK0  0000D1
efgtoa@pp                                      cstackBANK0  0000C3
efgtoa@sign                                    cstackBANK0  0000CF
efgtoa@t                                       cstackBANK0  0000C1
efgtoa@u                                       cstackBANK0  0000E9
efgtoa@w                                       cstackBANK0  0000D3
end_of_initialization                          cinit        00E00E
floorf@F527                                    bssBANK0     00009C
floorf@e                                       cstackCOMRAM 00002C
floorf@m                                       cstackCOMRAM 000028
floorf@u                                       cstackCOMRAM 00002E
floorf@x                                       cstackCOMRAM 00001E
fputc@c                                        cstackCOMRAM 000007
fputc@fp                                       cstackCOMRAM 000009
fputs@c                                        cstackCOMRAM 000014
fputs@fp                                       cstackCOMRAM 000012
fputs@i                                        cstackCOMRAM 000015
fputs@s                                        cstackCOMRAM 000010
int$flags                                      temp         00005B
intlevel0                                      text         000000
intlevel1                                      text         000000
intlevel2                                      text         000000
intlevel3                                      text         000000
isa$std                                        (abs)        000001
isa$xinst                                      (abs)        000000
isdigit@c                                      cstackCOMRAM 000005
isspace@c                                      cstackCOMRAM 000005
isupper@c                                      cstackCOMRAM 000005
pad@buf                                        cstackCOMRAM 000019
pad@fp                                         cstackCOMRAM 000017
pad@i                                          cstackCOMRAM 00001E
pad@p                                          cstackCOMRAM 00001B
pad@w                                          cstackCOMRAM 000020
printf@ap                                      cstackBANK1  000178
printf@fmt                                     cstackBANK0  0000F3
putch@txData                                   cstackCOMRAM 000006
rd1RegCompleteHandler@ptr                      cstackCOMRAM 00000E
rd2RegCompleteHandler@ptr                      cstackCOMRAM 00000E
rdBlkRegCompleteHandler@ptr                    cstackCOMRAM 00000E
stackhi                                        (abs)        000F5F
stacklo                                        (abs)        00017C
start                                          init         0000B0
start_initialization                           cinit        00DFEC
strcpy@d                                       cstackCOMRAM 00000D
strcpy@dest                                    cstackCOMRAM 000005
strcpy@s                                       cstackCOMRAM 00000B
strcpy@src                                     cstackCOMRAM 000007
strlen@a                                       cstackCOMRAM 000007
strlen@s                                       cstackCOMRAM 000005
strncmp@_l                                     cstackCOMRAM 000005
strncmp@_r                                     cstackCOMRAM 000007
strncmp@l                                      cstackCOMRAM 00000C
strncmp@n                                      cstackCOMRAM 000009
strncmp@r                                      cstackCOMRAM 00000E
tolower@c                                      cstackCOMRAM 00000B
ttemp5                                         temp         00005C
ttemp6                                         temp         00005F
ttemp7                                         temp         000063
vfpfcnvrt@ap                                   cstackCOMRAM 000042
vfpfcnvrt@c                                    cstackCOMRAM 000053
vfpfcnvrt@ct                                   cstackCOMRAM 000050
vfpfcnvrt@f                                    cstackCOMRAM 00004C
vfpfcnvrt@fmt                                  cstackCOMRAM 000040
vfpfcnvrt@fp                                   cstackCOMRAM 00003E
vfprintf@ap                                    cstackBANK0  0000F1
vfprintf@cfmt                                  cstackCOMRAM 000054
vfprintf@fmt                                   cstackBANK0  0000EF
vfprintf@fp                                    cstackBANK0  0000ED
wr1RegCompleteHandler@ptr                      cstackCOMRAM 00000E
wr2RegCompleteHandler@ptr                      cstackCOMRAM 00000E
wtemp8                                         temp         00005C


MODULE INFORMATION

Module		Function		Class		Link	Load	Size
C:\Program Files\Microchip\xc8\v2.32\pic\sources\c99\common\awdiv.c
		___awdiv       		CODE           	D374	0000	196

C:\Program Files\Microchip\xc8\v2.32\pic\sources\c99\common\awdiv.c estimated size: 196

C:\Program Files\Microchip\xc8\v2.32\pic\sources\c99\common\isdigit.c
		_isdigit       		CODE           	DF4E	0000	56

C:\Program Files\Microchip\xc8\v2.32\pic\sources\c99\common\isdigit.c estimated size: 56

C:\Program Files\Microchip\xc8\v2.32\pic\sources\c99\common\sprcadd.c
		___flsub       		CODE           	DD48	0000	70
		___fladd       		CODE           	B740	0000	1216

C:\Program Files\Microchip\xc8\v2.32\pic\sources\c99\common\sprcadd.c estimated size: 1286

C:\Program Files\Microchip\xc8\v2.32\pic\sources\c99\common\doprnt.c
		_vfpfcnvrt     		CODE           	BC00	0000	1184
		_efgtoa        		CODE           	AA9A	0000	3238
		_pad           		CODE           	D2AE	0000	198
		_vfprintf      		CODE           	DB22	0000	100

C:\Program Files\Microchip\xc8\v2.32\pic\sources\c99\common\doprnt.c estimated size: 4720

C:\Program Files\Microchip\xc8\v2.32\pic\sources\c99\common\flneg.c
		___flneg       		CODE           	DF16	0000	56

C:\Program Files\Microchip\xc8\v2.32\pic\sources\c99\common\flneg.c estimated size: 56

mcc_generated_files/interrupt_manager.c
		_INTERRUPT_Initialize		CODE           	E36E	0000	4
		_INTERRUPT_InterruptManager		CODE           	0008	0000	168

mcc_generated_files/interrupt_manager.c estimated size: 172

mcc_generated_files/examples/i2c_master_example.c
		_wr1RegCompleteHandler		CODE           	E018	0000	44
		_wr2RegCompleteHandler		CODE           	E09C	0000	44
		_rdBlkRegCompleteHandler		CODE           	DE9E	0000	64
		_rd1RegCompleteHandler		CODE           	E070	0000	44
		_rd2RegCompleteHandler		CODE           	E044	0000	44
		_I2C_ReadNBytes		CODE           	DD8E	0000	70
		_I2C_WriteNBytes		CODE           	DC44	0000	90

mcc_generated_files/examples/i2c_master_example.c estimated size: 400

mcc_generated_files/pin_manager.c
		_PIN_MANAGER_Initialize		CODE           	DFBC	0000	48

mcc_generated_files/pin_manager.c estimated size: 48

C:\Program Files\Microchip\xc8\v2.32\pic\sources\c99\common\atoi.c
		_atoi          		CODE           	CC2A	0000	410

C:\Program Files\Microchip\xc8\v2.32\pic\sources\c99\common\atoi.c estimated size: 410

C:\Program Files\Microchip\xc8\v2.32\pic\sources\c99\common\nf_fputs.c
		_fputs         		CODE           	DDD4	0000	68

C:\Program Files\Microchip\xc8\v2.32\pic\sources\c99\common\nf_fputs.c estimated size: 68

C:\Program Files\Microchip\xc8\v2.32\pic\sources\c99\common\fleq.c
		___fleq        		CODE           	D66C	0000	170

C:\Program Files\Microchip\xc8\v2.32\pic\sources\c99\common\fleq.c estimated size: 170

vl53l1cx.c
		_VL53L1CX_Init 		CODE           	5DA4	0000	19702
		_VL53L1CX_Millimeter_GetValue		CODE           	106E	0000	19766

vl53l1cx.c estimated size: 39468

C:\Program Files\Microchip\xc8\v2.32\pic\sources\c99\common\__fpclassifyf.c
		___fpclassifyf 		CODE           	D0D4	0000	254

C:\Program Files\Microchip\xc8\v2.32\pic\sources\c99\common\__fpclassifyf.c estimated size: 254

C:\Program Files\Microchip\xc8\v2.32\pic\sources\c99\common\isupper.c
		_isupper       		CODE           	DEDE	0000	56

C:\Program Files\Microchip\xc8\v2.32\pic\sources\c99\common\isupper.c estimated size: 56

C:\Program Files\Microchip\xc8\v2.32\pic\sources\c99\common\Umul16.c
		___wmul        		CODE           	E148	0000	38

C:\Program Files\Microchip\xc8\v2.32\pic\sources\c99\common\Umul16.c estimated size: 38

C:\Program Files\Microchip\xc8\v2.32\pic\sources\c99\common\isspace.c
		_isspace       		CODE           	DCF6	0000	82

C:\Program Files\Microchip\xc8\v2.32\pic\sources\c99\common\isspace.c estimated size: 82

C:\Program Files\Microchip\xc8\v2.32\pic\sources\c99\common\strncmp.c
		_strncmp       		CODE           	D1D2	0000	220

C:\Program Files\Microchip\xc8\v2.32\pic\sources\c99\common\strncmp.c estimated size: 220

C:\Program Files\Microchip\xc8\v2.32\pic\sources\c99\common\tolower.c
		_tolower       		CODE           	DB86	0000	96

C:\Program Files\Microchip\xc8\v2.32\pic\sources\c99\common\tolower.c estimated size: 96

shared
		__initialization		CODE           	DFEC	0000	34
		_fsmStateTable 		SMALLCONST     	1001	0000	32

shared estimated size: 66

C:\Program Files\Microchip\xc8\v2.32\pic\sources\c99\common\sprcmul.c
		___flmul       		CODE           	C0A0	0000	1066

C:\Program Files\Microchip\xc8\v2.32\pic\sources\c99\common\sprcmul.c estimated size: 1066

C:\Program Files\Microchip\xc8\v2.32\pic\sources\c99\common\awmod.c
		___awmod       		CODE           	D5BC	0000	176

C:\Program Files\Microchip\xc8\v2.32\pic\sources\c99\common\awmod.c estimated size: 176

mcc_generated_files/mcc.c
		_OSCILLATOR_Initialize		CODE           	E29E	0000	10
		_SYSTEM_Initialize		CODE           	E202	0000	22

mcc_generated_files/mcc.c estimated size: 32

C:\Program Files\Microchip\xc8\v2.32\pic\sources\c99\common\sprcdiv.c
		___fldiv       		CODE           	C4CA	0000	922

C:\Program Files\Microchip\xc8\v2.32\pic\sources\c99\common\sprcdiv.c estimated size: 922

C:\Program Files\Microchip\xc8\v2.32\pic\sources\c99\common\fltol.c
		___fltol       		CODE           	CECA	0000	262

C:\Program Files\Microchip\xc8\v2.32\pic\sources\c99\common\fltol.c estimated size: 262

mcc_generated_files/i2c_master.c
		_I2C_Close     		CODE           	E0C8	0000	44
		_I2C_MasterStartRx		CODE           	E34A	0000	4
		_I2C_DO_SEND_ADR_WRITE		CODE           	E250	0000	16
		_I2C_MasterWaitForEvent		CODE           	E240	0000	16
		_I2C_DO_SEND_STOP		CODE           	E302	0000	8
		_I2C_MasterSendNack		CODE           	E330	0000	6
		_I2C_MasterDisableIrq		CODE           	E362	0000	4
		_I2C_CallbackReturnStop		CODE           	E352	0000	4
		_I2C_MasterOperation		CODE           	DE18	0000	68
		_I2C_DO_SEND_ADR_READ		CODE           	E260	0000	16
		_I2C_DO_RX_NACK_STOP		CODE           	E2F2	0000	8
		_I2C_DO_SEND_RESTART		CODE           	E30A	0000	8
		_I2C_DO_RX     		CODE           	D716	0000	166
		_I2C_DO_TX     		CODE           	D438	0000	196
		_I2C_DO_IDLE   		CODE           	E288	0000	12
		_I2C_DO_RCEN   		CODE           	E27C	0000	12
		_I2C_Poller    		CODE           	E1B4	0000	30
		_I2C_DO_RESET  		CODE           	E270	0000	12
		_I2C_MasterClose		CODE           	E366	0000	4
		_I2C_MasterWrite		CODE           	E2DA	0000	8
		_I2C_DO_RX_ACK 		CODE           	E2FA	0000	8
		_I2C_MasterStart		CODE           	E35E	0000	4
		_I2C_MasterClearIrq		CODE           	E36A	0000	4
		_I2C_MasterGetRxData		CODE           	E346	0000	4
		_I2C_SetCallback		CODE           	D95C	0000	122
		_I2C_DO_ADDRESS_NACK		CODE           	DABC	0000	102
		_I2C_MasterEnableRestart		CODE           	E35A	0000	4
		_I2C_CallbackReturnReset		CODE           	E34E	0000	4
		_I2C_Open      		CODE           	D852	0000	142
		_I2C_SetAddressNackCallback		CODE           	E1D2	0000	24
		_I2C_DO_TX_EMPTY		CODE           	D8E0	0000	124
		_I2C_DO_SEND_RESTART_WRITE		CODE           	E312	0000	8
		_I2C_MasterIsNack		CODE           	E218	0000	20
		_I2C_SetDataCompleteCallback		CODE           	E1EA	0000	24
		_I2C_DO_RX_NACK_RESTART		CODE           	E2EA	0000	8
		_I2C_MasterSendAck		CODE           	E32A	0000	6
		_I2C_MasterFsm 		CODE           	DA4C	0000	112
		_I2C_MasterSetIrq		CODE           	E342	0000	4
		_I2C_DO_SEND_RESTART_READ		CODE           	E31A	0000	8
		_I2C_Initialize		CODE           	E22C	0000	20
		_I2C_SetBuffer 		CODE           	E16E	0000	36
		_I2C_MasterRead		CODE           	E2E2	0000	8
		_I2C_MasterOpen		CODE           	E192	0000	34
		_I2C_MasterSendTxData		CODE           	E322	0000	8
		_I2C_MasterStop		CODE           	E356	0000	4

mcc_generated_files/i2c_master.c estimated size: 1484

C:\Program Files\Microchip\xc8\v2.32\pic\sources\c99\common\xxtofl.c
		___xxtofl      		CODE           	CA76	0000	436

C:\Program Files\Microchip\xc8\v2.32\pic\sources\c99\common\xxtofl.c estimated size: 436

C:\Program Files\Microchip\xc8\v2.32\pic\sources\c99\common\printf.c
		_printf        		CODE           	E0F4	0000	42

C:\Program Files\Microchip\xc8\v2.32\pic\sources\c99\common\printf.c estimated size: 42

C:\Program Files\Microchip\xc8\v2.32\pic\sources\c99\common\nf_fputc.c
		_fputc         		CODE           	D7BC	0000	150

C:\Program Files\Microchip\xc8\v2.32\pic\sources\c99\common\nf_fputc.c estimated size: 150

mcc_generated_files/eusart.c
		_EUSART_SetRxInterruptHandler		CODE           	E2B2	0000	10
		_EUSART_SetTxInterruptHandler		CODE           	E2A8	0000	10
		_putch         		CODE           	E294	0000	10
		_EUSART_DefaultOverrunErrorHandler		CODE           	E336	0000	6
		_EUSART_Write  		CODE           	DC9E	0000	88
		_EUSART_DefaultErrorHandler		CODE           	E33C	0000	6
		_EUSART_Transmit_ISR		CODE           	DE5C	0000	66
		_EUSART_Initialize		CODE           	D9D6	0000	118
		_EUSART_SetFramingErrorHandler		CODE           	E2C6	0000	10
		_EUSART_SetErrorHandler		CODE           	E2D0	0000	10
		_EUSART_SetOverrunErrorHandler		CODE           	E2BC	0000	10
		_EUSART_Receive_ISR		CODE           	D4FC	0000	192
		_EUSART_RxDataHandler		CODE           	E11E	0000	42
		_EUSART_DefaultFramingErrorHandler		CODE           	E372	0000	2

mcc_generated_files/eusart.c estimated size: 580

main.c
		_main          		CODE           	CDC4	0000	262

main.c estimated size: 262

C:\Program Files\Microchip\xc8\v2.32\pic\sources\c99\common\strlen.c
		_strlen        		CODE           	DF86	0000	54

C:\Program Files\Microchip\xc8\v2.32\pic\sources\c99\common\strlen.c estimated size: 54

C:\Program Files\Microchip\xc8\v2.32\pic\sources\c99\common\flge.c
		___flge        		CODE           	CFD0	0000	260

C:\Program Files\Microchip\xc8\v2.32\pic\sources\c99\common\flge.c estimated size: 260

C:\Program Files\Microchip\xc8\v2.32\pic\sources\c99\common\floorf.c
		_floorf        		CODE           	C864	0000	530

C:\Program Files\Microchip\xc8\v2.32\pic\sources\c99\common\floorf.c estimated size: 530

C:\Program Files\Microchip\xc8\v2.32\pic\sources\c99\common\strcpy.c
		_strcpy        		CODE           	DBE6	0000	94

C:\Program Files\Microchip\xc8\v2.32\pic\sources\c99\common\strcpy.c estimated size: 94

